// Jest Snapshot v1, https://goo.gl/fbAQLP

exports[`DashboardComponent using MockHeroService HTML matches snapshot 1`] = `
<app-dashboard
  heroService={[Function MockHeroService]}
  heroes={[Function Array]}
  refresh={[Function Function]}
>
  <div
    class="heroes-dashboard"
  >
    <h3>
      Top Heroes
    </h3>
    <div
      class="heroes-menu grid grid-pad"
    >
      <a
        class="col-1-4"
      >
        <div
          class="module hero"
        >
          <h4>
            Bombasto
          </h4>
        </div>
      </a>
      <a
        class="col-1-4"
      >
        <div
          class="module hero"
        >
          <h4>
            Celeritas
          </h4>
        </div>
      </a>
      <a
        class="col-1-4"
      >
        <div
          class="module hero"
        >
          <h4>
            Magneta
          </h4>
        </div>
      </a>
      <a
        class="col-1-4"
      >
        <div
          class="module hero"
        >
          <h4>
            RubberMan
          </h4>
        </div>
      </a>
    </div>
    <app-hero-search>
      <div
        id="search-component"
      >
        <label
          for="search-box"
        >
          Hero Search
        </label>
        <input
          id="search-box"
        />
        <ul
          class="search-result"
        >
        </ul>
      </div>
    </app-hero-search>
  </div>
</app-dashboard>
`;
